# gffcompare v0.12.10 | Command line was:
#gffcompare --debug -d 10 -e 10 -o example_output/GFFCMP/input_genome.fun.gffcmp.out -r example_output/GFFCMP/input_genome.gff -s example_output/GFFCMP/input_genome.fna example_output/GFFCMP/input_genome.fun.gffcmp.gtf
#

#= Summary for dataset: example_output/GFFCMP/input_genome.fun.gffcmp.gtf 
#     Query mRNAs :     342 in     334 loci  (0 multi-exon transcripts)
#            (0 multi-transcript loci, ~1.0 transcripts per locus)
# Reference mRNAs :   14750 in   13315 loci  (13596 multi-exon)
# Super-loci w/ reference transcripts:       22
#-----------------| Sensitivity | Precision  |
        Base level:     0.0     |     8.9    |
        Exon level:     0.0     |     0.0    |
      Intron level:     0.0     |    -nan    |
Intron chain level:     0.0     |    -nan    |
  Transcript level:     0.0     |     0.0    |
       Locus level:     0.0     |     0.0    |

     Matching intron chains:       0
       Matching transcripts:       0
              Matching loci:       0

          Missed exons:   81340/81367	(100.0%)
           Novel exons:     319/342	( 93.3%)
        Missed introns:   66225/66225	(100.0%)
           Missed loci:   13293/13315	( 99.8%)
            Novel loci:     311/334	( 93.1%)

 Total union super-loci across all input datasets: 333 
342 out of 342 consensus transcripts written in example_output/GFFCMP/input_genome.fun.gffcmp.annotated.gtf (0 discarded as redundant)
